#-----------------------------------------------------------
# Vivado v2023.1 (64-bit)
# SW Build 3865809 on Sun May  7 15:04:56 MDT 2023
# IP Build 3864474 on Sun May  7 20:36:21 MDT 2023
# SharedData Build 3865790 on Sun May 07 13:33:03 MDT 2023
# Start of session at: Mon Jul 13 13:33:44 2026
# Process ID: 48037
# Current directory: /home/ipad/SoC_Lab/tdf1lp3/tdf1lp3.runs/zedblp3_processing_system7_0_0_synth_1
# Command line: vivado -log zedblp3_processing_system7_0_0.vds -product Vivado -mode batch -messageDb vivado.pb -notrace -source zedblp3_processing_system7_0_0.tcl
# Log file: /home/ipad/SoC_Lab/tdf1lp3/tdf1lp3.runs/zedblp3_processing_system7_0_0_synth_1/zedblp3_processing_system7_0_0.vds
# Journal file: /home/ipad/SoC_Lab/tdf1lp3/tdf1lp3.runs/zedblp3_processing_system7_0_0_synth_1/vivado.jou
# Running On: exotic, OS: Linux, CPU Frequency: 2693.653 MHz, CPU Physical cores: 2, Host memory: 12126 MB
#-----------------------------------------------------------
source zedblp3_processing_system7_0_0.tcl -notrace
